[durability] root=/tmp/durability-run duration=7200s sample=60.0s
  [   0.0s] submitted drive round 1
  [ 195.6s] submitted drive round 2
  [ 391.9s] submitted drive round 3
  [ 587.6s] submitted drive round 4
  [ 782.9s] submitted drive round 5
  [ 978.6s] submitted drive round 6
  [1174.3s] submitted drive round 7
  [1370.2s] submitted drive round 8
  [1565.4s] submitted drive round 9
  [1761.4s] submitted drive round 10
  [1957.3s] submitted drive round 11
  [2152.9s] submitted drive round 12
  [2348.6s] submitted drive round 13
  [2544.6s] submitted drive round 14
  [2740.6s] submitted drive round 15
  [2936.3s] submitted drive round 16
  [3131.0s] submitted drive round 17
  [3326.6s] submitted drive round 18
  [3522.1s] submitted drive round 19
  [3716.8s] submitted drive round 20
  [3911.7s] submitted drive round 21
  [4106.3s] submitted drive round 22
  [4301.6s] submitted drive round 23
  [4496.8s] submitted drive round 24
  [4692.4s] submitted drive round 25
  [4884.3s] submitted drive round 26
  [5076.3s] submitted drive round 27
  [5268.5s] submitted drive round 28
  [5460.2s] submitted drive round 29
  [5652.2s] submitted drive round 30
  [5844.2s] submitted drive round 31
  [6035.9s] submitted drive round 32
  [6228.0s] submitted drive round 33
  [6420.0s] submitted drive round 34
  [6612.0s] submitted drive round 35
  [6804.4s] submitted drive round 36
  [6996.7s] submitted drive round 37
  [7188.7s] submitted drive round 38
[durability] DONE 7205s -> /tmp/durability-run/durability-report.json
