== task shop_inventory: est 20min, deadline 2700s ==
  [seed] inventory.py -> worker /root/work/code/
  [snapshot] ses_fff598e7fffeEoiVRp4um5n3hR: 53 messages
  [snapshot] ses_fff59189effeCj2xq8h3ibm9a2: 13 messages
  -> outcome=complete elapsed=467.9s pytest={'verifiable': True, 'rc': 2, 'passed': 0, 'failed': 0, 'errors': 2, 'snippet': "'\n=========================== short test summary info ============================\nERROR ../../../tmp/nightly-20260814-222131/archive/shop_inventory/test_inventory.py\nERROR ../../../tmp/nightly-20260814-222131/archive/shop_inventory/test_orders.py\n!!!!!!!!!!!!!!!!!!! Interrupted: 2 errors during collection !!!!!!!!!!!!!!!!!!!!\n2 errors in 0.04s\nERROR conda.cli.main_run:execute(148): `conda run python -m pytest -q /tmp/nightly-20260814-222131/archive/shop_inventory` failed. (See above for error)\n"} audit={'verdicts': 4, 'advances': 2, 'gate_exhausted': 0, 'reworks': 0, 'inquiries': 2} snap=2
[quality] incremental report -> /tmp/nightly-20260814-222131/quality-report.json (1 tasks)
  [clean] sessions rc=0
== task kv_cluster: est 25min, deadline 2700s ==
  [snapshot] ses_fff525f8cffe9sUv0JGcPx0amo: 50 messages
  [snapshot] ses_fff50af53ffeeJ6RS21Y2kVL39: 22 messages
  -> outcome=complete elapsed=1045.3s pytest={'verifiable': True, 'rc': 0, 'passed': 33, 'failed': 0, 'errors': 0, 'snippet': " warnings.warn(\n\n../.local/lib/python3.12/site-packages/_pytest/pathlib.py:95\n  /home/haber/.local/lib/python3.12/site-packages/_pytest/pathlib.py:95: PytestWarning: (rm_rf) error removing /tmp/pytest-of-haber/garbage-3ebf40c3-a478-4271-ac80-712a7e12e3b3\n  <class 'OSError'>: [Errno 39] Directory not empty: '/tmp/pytest-of-haber/garbage-3ebf40c3-a478-4271-ac80-712a7e12e3b3'\n    warnings.warn(\n\n-- Docs: https://docs.pytest.org/en/stable/how-to/capture-warnings.html\n33 passed, 12 warnings in 0.39s\n"} audit={'verdicts': 3, 'advances': 2, 'gate_exhausted': 0, 'reworks': 0, 'inquiries': 1} snap=2
[quality] incremental report -> /tmp/nightly-20260814-222131/quality-report.json (2 tasks)
  [clean] sessions rc=0
== task payment_ledger: est 20min, deadline 2700s ==
  [seed] ledger.py -> worker /root/work/code/
  [snapshot] ses_fff425eb3ffew0iOBsGsGLF5JJ: 24 messages
  [snapshot] ses_fff411069ffeIIqYIaDDKsD5VG: 17 messages
  -> outcome=complete elapsed=383.9s pytest={'verifiable': True, 'rc': 0, 'passed': 36, 'failed': 0, 'errors': 0, 'snippet': '....................................                                     [100%]\n36 passed in 0.04s\n'} audit={'verdicts': 2, 'advances': 2, 'gate_exhausted': 0, 'reworks': 0, 'inquiries': 0} snap=2
[quality] incremental report -> /tmp/nightly-20260814-222131/quality-report.json (3 tasks)
  [clean] sessions rc=0
== task etl_pipeline: est 25min, deadline 2700s ==
  [seed] pipeline.py -> worker /root/work/code/
  [snapshot] ses_fff3c7715ffewX2Is44VvzDTMn: 43 messages
  [snapshot] ses_fff3ada88ffeaaan0Qp5lBTNmD: 25 messages
  -> outcome=complete elapsed=848.5s pytest={'verifiable': True, 'rc': 0, 'passed': 39, 'failed': 0, 'errors': 0, 'snippet': '.......................................                                  [100%]\n39 passed in 0.02s\n'} audit={'verdicts': 5, 'advances': 2, 'gate_exhausted': 0, 'reworks': 0, 'inquiries': 3} snap=2
[quality] incremental report -> /tmp/nightly-20260814-222131/quality-report.json (4 tasks)
  [clean] sessions rc=0
== task distributed_scheduler: est 45min, deadline 2700s ==
  [snapshot] ses_fff2f7810ffe2oU9WBu0mmaS2e: 42 messages
  [snapshot] ses_fff2d8bd5ffeCCFHfo4HdGXwJE: 14 messages
  -> outcome=blocked elapsed=1375.3s pytest={'verifiable': True, 'rc': 0, 'passed': 27, 'failed': 0, 'errors': 0, 'snippet': " warnings.warn(\n\n../.local/lib/python3.12/site-packages/_pytest/pathlib.py:95\n  /home/haber/.local/lib/python3.12/site-packages/_pytest/pathlib.py:95: PytestWarning: (rm_rf) error removing /tmp/pytest-of-haber/garbage-4fb1a264-03bd-4384-bfd7-7390bccac9fc\n  <class 'OSError'>: [Errno 39] Directory not empty: '/tmp/pytest-of-haber/garbage-4fb1a264-03bd-4384-bfd7-7390bccac9fc'\n    warnings.warn(\n\n-- Docs: https://docs.pytest.org/en/stable/how-to/capture-warnings.html\n27 passed, 12 warnings in 2.68s\n"} audit={'verdicts': 4, 'advances': 1, 'gate_exhausted': 0, 'reworks': 0, 'inquiries': 3} snap=2
[quality] incremental report -> /tmp/nightly-20260814-222131/quality-report.json (5 tasks)
  [clean] sessions rc=0

== results ==
shop_inventory   outcome=complete   pytest=0passed/0failed verdicts=4 elapsed=467.9s archive=/tmp/nightly-20260814-222131/archive/shop_inventory
kv_cluster       outcome=complete   pytest=33passed/0failed verdicts=3 elapsed=1045.3s archive=/tmp/nightly-20260814-222131/archive/kv_cluster
payment_ledger   outcome=complete   pytest=36passed/0failed verdicts=2 elapsed=383.9s archive=/tmp/nightly-20260814-222131/archive/payment_ledger
etl_pipeline     outcome=complete   pytest=39passed/0failed verdicts=5 elapsed=848.5s archive=/tmp/nightly-20260814-222131/archive/etl_pipeline
distributed_scheduler outcome=blocked    pytest=27passed/0failed verdicts=4 elapsed=1375.3s archive=/tmp/nightly-20260814-222131/archive/distributed_scheduler

== capability coverage ==
  api-design                   <- shop_inventory, kv_cluster, etl_pipeline
  bug-fixing                   <- payment_ledger
  code-odor                    <- shop_inventory
  concurrency-testing          <- kv_cluster, payment_ledger, etl_pipeline
  cross-module-contract        <- kv_cluster
  design-node                  <- shop_inventory, kv_cluster, payment_ledger, etl_pipeline
  edge-cases                   <- shop_inventory, kv_cluster, payment_ledger, etl_pipeline
  error-handling               <- payment_ledger
  error-isolation              <- shop_inventory, kv_cluster, etl_pipeline
  integration                  <- shop_inventory, kv_cluster, etl_pipeline
  multi-module                 <- shop_inventory, kv_cluster, etl_pipeline
  read-existing-code           <- shop_inventory, payment_ledger
  refactoring                  <- shop_inventory
  root-cause                   <- payment_ledger
  thread-safety                <- kv_cluster, payment_ledger
  tradeoff-documentation       <- kv_cluster, etl_pipeline
  wrap-hygiene                 <- shop_inventory, etl_pipeline

[quality] archive: /tmp/nightly-20260814-222131/archive
