  [clean] sessions rc=0
== task graph_algos: digraph.py / test_digraph.py ==
  -> outcome=complete elapsed=85.4s pytest={'verifiable': True, 'rc': 0, 'passed': 13, 'failed': 0, 'errors': 0, 'snippet': '.............                                                            [100%]\n13 passed in 0.01s\n'} audit={'verdicts': 2, 'advances': 2, 'gate_exhausted': 0, 'reworks': 0}
  [clean] sessions rc=0
== task stats_core: statslib.py / test_statslib.py ==
  -> outcome=complete elapsed=167.2s pytest={'verifiable': True, 'rc': 0, 'passed': 26, 'failed': 0, 'errors': 0, 'snippet': '..........................                                               [100%]\n26 passed in 0.01s\n'} audit={'verdicts': 3, 'advances': 2, 'gate_exhausted': 0, 'reworks': 0}
  [clean] sessions rc=0
== task json_config: config_loader.py / test_config_loader.py ==
  -> outcome=complete elapsed=134.3s pytest={'verifiable': True, 'rc': 0, 'passed': 0, 'failed': 0, 'errors': 0, 'snippet': "ib/python3.12/site-packages/_pytest/pathlib.py:95: PytestWarning: (rm_rf) error removing /tmp/pytest-of-haber/garbage-406e1f34-7544-4629-b387-33668260581e\n  <class 'OSError'>: [Errno 39] Directory not empty: '/tmp/pytest-of-haber/garbage-406e1f34-7544-4629-b387-33668260581e'\n    warnings.warn(\n\n-- Docs: https://docs.pytest.org/en/stable/how-to/capture-warnings.html\n16 passed, 12 warnings in 0.02s\n"} audit={'verdicts': 2, 'advances': 2, 'gate_exhausted': 0, 'reworks': 0}
  [clean] sessions rc=0
== task lru_ttl: lru_cache.py / test_lru_cache.py ==
  [cp] lru_cache.py: not found in worker
  [cp] test_lru_cache.py: not found in worker
  [cp] none found; worker /root/work/code: __pycache__
config_loader.py
design_statslib.md
digraph.py
statslib.py
test_config_loader.py
test_digraph.py
test_statslib.py
  -> outcome=human elapsed=428.1s pytest={'verifiable': False, 'reason': 'artifacts missing'} audit={'verdicts': 4, 'advances': 1, 'gate_exhausted': 0, 'reworks': 0}
  [clean] sessions rc=0
== task csv_parse: csv_parser.py / test_csv_parser.py ==
  -> outcome=complete elapsed=245.6s pytest={'verifiable': True, 'rc': 0, 'passed': 28, 'failed': 0, 'errors': 0, 'snippet': '............................                                             [100%]\n28 passed in 0.01s\n'} audit={'verdicts': 2, 'advances': 2, 'gate_exhausted': 0, 'reworks': 0}
  [clean] sessions rc=0
== task task_sched: scheduler.py / test_scheduler.py ==
  [cp] scheduler.py: not found in worker
  [cp] test_scheduler.py: not found in worker
  [cp] none found; worker /root/work/code: __pycache__
config_loader.py
csv_parser.py
design_statslib.md
digraph.py
statslib.py
test_config_loader.py
test_csv_parser.py
test_digraph.py
test_statslib.py
  -> outcome=error elapsed=197.0s pytest={'verifiable': False, 'reason': 'artifacts missing'} audit={'verdicts': 0, 'advances': 0, 'gate_exhausted': 0, 'reworks': 0}
  [clean] sessions rc=0
== task token_bucket: limiter.py / test_limiter.py ==
  -> outcome=complete elapsed=148.3s pytest={'verifiable': True, 'rc': 0, 'passed': 10, 'failed': 0, 'errors': 0, 'snippet': '..........                                                               [100%]\n10 passed in 0.06s\n'} audit={'verdicts': 2, 'advances': 2, 'gate_exhausted': 0, 'reworks': 0}
  [clean] sessions rc=0
== task string_util: strings.py / test_strings.py ==
  -> outcome=complete elapsed=245.7s pytest={'verifiable': True, 'rc': 0, 'passed': 40, 'failed': 0, 'errors': 0, 'snippet': '........................................                                 [100%]\n40 passed in 0.02s\n'} audit={'verdicts': 3, 'advances': 2, 'gate_exhausted': 0, 'reworks': 0}
  [clean] sessions rc=0
== task money_fmt: money.py / test_money.py ==
  -> outcome=complete elapsed=278.1s pytest={'verifiable': True, 'rc': 0, 'passed': 18, 'failed': 0, 'errors': 0, 'snippet': '..................                                                       [100%]\n18 passed in 0.02s\n'} audit={'verdicts': 2, 'advances': 2, 'gate_exhausted': 0, 'reworks': 0}
  [clean] sessions rc=0
== task json_diff: json_diff.py / test_json_diff.py ==
  -> outcome=complete elapsed=148.3s pytest={'verifiable': True, 'rc': 0, 'passed': 17, 'failed': 0, 'errors': 0, 'snippet': '.................                                                        [100%]\n17 passed in 0.01s\n'} audit={'verdicts': 2, 'advances': 2, 'gate_exhausted': 0, 'reworks': 0}
  [clean] sessions rc=0
== task circular_buffer: circular_buffer.py / test_circular_buffer.py ==
  -> outcome=complete elapsed=699.0s pytest={'verifiable': True, 'rc': 0, 'passed': 12, 'failed': 0, 'errors': 0, 'snippet': '............                                                             [100%]\n12 passed in 0.04s\n'} audit={'verdicts': 6, 'advances': 2, 'gate_exhausted': 0, 'reworks': 0}
  [clean] sessions rc=0
== task anagram: anagram.py / test_anagram.py ==
  -> outcome=complete elapsed=132.1s pytest={'verifiable': True, 'rc': 0, 'passed': 20, 'failed': 0, 'errors': 0, 'snippet': '....................                                                     [100%]\n20 passed in 0.01s\n'} audit={'verdicts': 2, 'advances': 2, 'gate_exhausted': 0, 'reworks': 0}
  [clean] sessions rc=0
== task graph_algos: digraph.py / test_digraph.py ==
  -> outcome=complete elapsed=99.6s pytest={'verifiable': True, 'rc': 0, 'passed': 13, 'failed': 0, 'errors': 0, 'snippet': '.............                                                            [100%]\n13 passed in 0.00s\n'} audit={'verdicts': 2, 'advances': 2, 'gate_exhausted': 0, 'reworks': 0}
  [clean] sessions rc=0
== task stats_core: statslib.py / test_statslib.py ==
  -> outcome=complete elapsed=83.5s pytest={'verifiable': True, 'rc': 0, 'passed': 26, 'failed': 0, 'errors': 0, 'snippet': '..........................                                               [100%]\n26 passed in 0.01s\n'} audit={'verdicts': 2, 'advances': 2, 'gate_exhausted': 0, 'reworks': 0}
  [clean] sessions rc=0
== task json_config: config_loader.py / test_config_loader.py ==
  -> outcome=complete elapsed=99.6s pytest={'verifiable': True, 'rc': 0, 'passed': 0, 'failed': 0, 'errors': 0, 'snippet': "ib/python3.12/site-packages/_pytest/pathlib.py:95: PytestWarning: (rm_rf) error removing /tmp/pytest-of-haber/garbage-68459f12-3780-4ed3-9455-ecf822838574\n  <class 'OSError'>: [Errno 39] Directory not empty: '/tmp/pytest-of-haber/garbage-68459f12-3780-4ed3-9455-ecf822838574'\n    warnings.warn(\n\n-- Docs: https://docs.pytest.org/en/stable/how-to/capture-warnings.html\n16 passed, 12 warnings in 0.01s\n"} audit={'verdicts': 2, 'advances': 2, 'gate_exhausted': 0, 'reworks': 0}
  [clean] sessions rc=0
== task lru_ttl: lru_cache.py / test_lru_cache.py ==
  -> outcome=complete elapsed=164.6s pytest={'verifiable': True, 'rc': 0, 'passed': 22, 'failed': 0, 'errors': 0, 'snippet': '......................                                                   [100%]\n22 passed in 0.36s\n'} audit={'verdicts': 2, 'advances': 2, 'gate_exhausted': 0, 'reworks': 0}
  [clean] sessions rc=0
== task csv_parse: csv_parser.py / test_csv_parser.py ==
  -> outcome=complete elapsed=197.3s pytest={'verifiable': True, 'rc': 0, 'passed': 28, 'failed': 0, 'errors': 0, 'snippet': '............................                                             [100%]\n28 passed in 0.01s\n'} audit={'verdicts': 2, 'advances': 2, 'gate_exhausted': 0, 'reworks': 0}
  [clean] sessions rc=0
== task task_sched: scheduler.py / test_scheduler.py ==
  -> outcome=error elapsed=603.2s pytest={'verifiable': True, 'rc': 0, 'passed': 15, 'failed': 0, 'errors': 0, 'snippet': '...............                                                          [100%]\n15 passed in 0.34s\n'} audit={'verdicts': 4, 'advances': 1, 'gate_exhausted': 0, 'reworks': 0}
  [clean] sessions rc=0
== task token_bucket: limiter.py / test_limiter.py ==
  -> outcome=complete elapsed=115.8s pytest={'verifiable': True, 'rc': 0, 'passed': 10, 'failed': 0, 'errors': 0, 'snippet': '..........                                                               [100%]\n10 passed in 0.05s\n'} audit={'verdicts': 2, 'advances': 2, 'gate_exhausted': 0, 'reworks': 0}
  [clean] sessions rc=0
== task string_util: strings.py / test_strings.py ==
  -> outcome=complete elapsed=148.3s pytest={'verifiable': True, 'rc': 0, 'passed': 40, 'failed': 0, 'errors': 0, 'snippet': '........................................                                 [100%]\n40 passed in 0.01s\n'} audit={'verdicts': 2, 'advances': 2, 'gate_exhausted': 0, 'reworks': 0}
  [clean] sessions rc=0
== task money_fmt: money.py / test_money.py ==
  -> outcome=complete elapsed=148.3s pytest={'verifiable': True, 'rc': 0, 'passed': 18, 'failed': 0, 'errors': 0, 'snippet': '..................                                                       [100%]\n18 passed in 0.00s\n'} audit={'verdicts': 2, 'advances': 2, 'gate_exhausted': 0, 'reworks': 0}
  [clean] sessions rc=0
== task json_diff: json_diff.py / test_json_diff.py ==
  -> outcome=complete elapsed=99.5s pytest={'verifiable': True, 'rc': 0, 'passed': 17, 'failed': 0, 'errors': 0, 'snippet': '.................                                                        [100%]\n17 passed in 0.00s\n'} audit={'verdicts': 2, 'advances': 2, 'gate_exhausted': 0, 'reworks': 0}
  [clean] sessions rc=0
== task circular_buffer: circular_buffer.py / test_circular_buffer.py ==
  -> outcome=complete elapsed=132.0s pytest={'verifiable': True, 'rc': 0, 'passed': 12, 'failed': 0, 'errors': 0, 'snippet': '............                                                             [100%]\n12 passed in 0.04s\n'} audit={'verdicts': 2, 'advances': 2, 'gate_exhausted': 0, 'reworks': 0}
  [clean] sessions rc=0
== task anagram: anagram.py / test_anagram.py ==
  -> outcome=complete elapsed=99.5s pytest={'verifiable': True, 'rc': 0, 'passed': 20, 'failed': 0, 'errors': 0, 'snippet': '....................                                                     [100%]\n20 passed in 0.01s\n'} audit={'verdicts': 2, 'advances': 2, 'gate_exhausted': 0, 'reworks': 0}
  [clean] sessions rc=0
== task graph_algos: digraph.py / test_digraph.py ==
  -> outcome=complete elapsed=83.4s pytest={'verifiable': True, 'rc': 0, 'passed': 13, 'failed': 0, 'errors': 0, 'snippet': '.............                                                            [100%]\n13 passed in 0.00s\n'} audit={'verdicts': 2, 'advances': 2, 'gate_exhausted': 0, 'reworks': 0}
  [clean] sessions rc=0
== task stats_core: statslib.py / test_statslib.py ==
  -> outcome=complete elapsed=180.7s pytest={'verifiable': True, 'rc': 0, 'passed': 26, 'failed': 0, 'errors': 0, 'snippet': '..........................                                               [100%]\n26 passed in 0.01s\n'} audit={'verdicts': 2, 'advances': 2, 'gate_exhausted': 0, 'reworks': 0}
  [clean] sessions rc=0
== task json_config: config_loader.py / test_config_loader.py ==
  -> outcome=blocked elapsed=18.5s pytest={'verifiable': True, 'rc': 0, 'passed': 0, 'failed': 0, 'errors': 0, 'snippet': "ib/python3.12/site-packages/_pytest/pathlib.py:95: PytestWarning: (rm_rf) error removing /tmp/pytest-of-haber/garbage-6d21bb34-921c-4541-ad49-df7be7f0b12c\n  <class 'OSError'>: [Errno 39] Directory not empty: '/tmp/pytest-of-haber/garbage-6d21bb34-921c-4541-ad49-df7be7f0b12c'\n    warnings.warn(\n\n-- Docs: https://docs.pytest.org/en/stable/how-to/capture-warnings.html\n16 passed, 12 warnings in 0.01s\n"} audit={'verdicts': 0, 'advances': 0, 'gate_exhausted': 0, 'reworks': 0}
  [clean] sessions rc=0
== task lru_ttl: lru_cache.py / test_lru_cache.py ==
  -> outcome=complete elapsed=197.0s pytest={'verifiable': True, 'rc': 0, 'passed': 22, 'failed': 0, 'errors': 0, 'snippet': '......................                                                   [100%]\n22 passed in 0.35s\n'} audit={'verdicts': 2, 'advances': 2, 'gate_exhausted': 0, 'reworks': 0}
  [clean] sessions rc=0
== task csv_parse: csv_parser.py / test_csv_parser.py ==
  -> outcome=complete elapsed=148.3s pytest={'verifiable': True, 'rc': 0, 'passed': 30, 'failed': 0, 'errors': 0, 'snippet': '..............................                                           [100%]\n30 passed in 0.01s\n'} audit={'verdicts': 2, 'advances': 2, 'gate_exhausted': 0, 'reworks': 0}
  [clean] sessions rc=0
== task task_sched: scheduler.py / test_scheduler.py ==
  -> outcome=complete elapsed=67.1s pytest={'verifiable': True, 'rc': 0, 'passed': 15, 'failed': 0, 'errors': 0, 'snippet': '...............                                                          [100%]\n15 passed in 0.34s\n'} audit={'verdicts': 2, 'advances': 2, 'gate_exhausted': 0, 'reworks': 0}
  [clean] sessions rc=0
== task token_bucket: limiter.py / test_limiter.py ==
  -> outcome=complete elapsed=99.5s pytest={'verifiable': True, 'rc': 0, 'passed': 10, 'failed': 0, 'errors': 0, 'snippet': '..........                                                               [100%]\n10 passed in 0.05s\n'} audit={'verdicts': 2, 'advances': 2, 'gate_exhausted': 0, 'reworks': 0}
  [clean] sessions rc=0
== task string_util: strings.py / test_strings.py ==
  -> outcome=complete elapsed=229.4s pytest={'verifiable': True, 'rc': 0, 'passed': 40, 'failed': 0, 'errors': 0, 'snippet': '........................................                                 [100%]\n40 passed in 0.01s\n'} audit={'verdicts': 4, 'advances': 2, 'gate_exhausted': 0, 'reworks': 0}
  [clean] sessions rc=0
== task money_fmt: money.py / test_money.py ==
  -> outcome=complete elapsed=115.8s pytest={'verifiable': True, 'rc': 0, 'passed': 18, 'failed': 0, 'errors': 0, 'snippet': '..................                                                       [100%]\n18 passed in 0.00s\n'} audit={'verdicts': 2, 'advances': 2, 'gate_exhausted': 0, 'reworks': 0}
  [clean] sessions rc=0
== task json_diff: json_diff.py / test_json_diff.py ==
  -> outcome=complete elapsed=99.6s pytest={'verifiable': True, 'rc': 0, 'passed': 17, 'failed': 0, 'errors': 0, 'snippet': '.................                                                        [100%]\n17 passed in 0.00s\n'} audit={'verdicts': 2, 'advances': 2, 'gate_exhausted': 0, 'reworks': 0}
  [clean] sessions rc=0
== task circular_buffer: circular_buffer.py / test_circular_buffer.py ==
  -> outcome=complete elapsed=115.8s pytest={'verifiable': True, 'rc': 0, 'passed': 12, 'failed': 0, 'errors': 0, 'snippet': '............                                                             [100%]\n12 passed in 0.04s\n'} audit={'verdicts': 2, 'advances': 2, 'gate_exhausted': 0, 'reworks': 0}
  [clean] sessions rc=0
== task anagram: anagram.py / test_anagram.py ==
  -> outcome=complete elapsed=115.7s pytest={'verifiable': True, 'rc': 0, 'passed': 20, 'failed': 0, 'errors': 0, 'snippet': '....................                                                     [100%]\n20 passed in 0.01s\n'} audit={'verdicts': 2, 'advances': 2, 'gate_exhausted': 0, 'reworks': 0}
  [clean] sessions rc=0
== task graph_algos: digraph.py / test_digraph.py ==
  -> outcome=complete elapsed=115.9s pytest={'verifiable': True, 'rc': 0, 'passed': 13, 'failed': 0, 'errors': 0, 'snippet': '.............                                                            [100%]\n13 passed in 0.00s\n'} audit={'verdicts': 2, 'advances': 2, 'gate_exhausted': 0, 'reworks': 0}
  [clean] sessions rc=0
== task stats_core: statslib.py / test_statslib.py ==
  -> outcome=complete elapsed=99.6s pytest={'verifiable': True, 'rc': 0, 'passed': 26, 'failed': 0, 'errors': 0, 'snippet': '..........................                                               [100%]\n26 passed in 0.01s\n'} audit={'verdicts': 2, 'advances': 2, 'gate_exhausted': 0, 'reworks': 0}
  [clean] sessions rc=0
== task json_config: config_loader.py / test_config_loader.py ==
  -> outcome=complete elapsed=67.1s pytest={'verifiable': True, 'rc': 0, 'passed': 0, 'failed': 0, 'errors': 0, 'snippet': "ib/python3.12/site-packages/_pytest/pathlib.py:95: PytestWarning: (rm_rf) error removing /tmp/pytest-of-haber/garbage-9674d7c8-1937-4371-b0d6-1376865f8ae4\n  <class 'OSError'>: [Errno 39] Directory not empty: '/tmp/pytest-of-haber/garbage-9674d7c8-1937-4371-b0d6-1376865f8ae4'\n    warnings.warn(\n\n-- Docs: https://docs.pytest.org/en/stable/how-to/capture-warnings.html\n16 passed, 12 warnings in 0.01s\n"} audit={'verdicts': 2, 'advances': 2, 'gate_exhausted': 0, 'reworks': 0}
  [clean] sessions rc=0
== task lru_ttl: lru_cache.py / test_lru_cache.py ==
  -> outcome=complete elapsed=99.7s pytest={'verifiable': True, 'rc': 0, 'passed': 22, 'failed': 0, 'errors': 0, 'snippet': '......................                                                   [100%]\n22 passed in 0.35s\n'} audit={'verdicts': 2, 'advances': 2, 'gate_exhausted': 0, 'reworks': 0}
  [clean] sessions rc=0
== task csv_parse: csv_parser.py / test_csv_parser.py ==
  -> outcome=complete elapsed=197.0s pytest={'verifiable': True, 'rc': 0, 'passed': 30, 'failed': 0, 'errors': 0, 'snippet': '..............................                                           [100%]\n30 passed in 0.01s\n'} audit={'verdicts': 3, 'advances': 2, 'gate_exhausted': 0, 'reworks': 0}
  [clean] sessions rc=0
== task task_sched: scheduler.py / test_scheduler.py ==
  -> outcome=complete elapsed=115.9s pytest={'verifiable': True, 'rc': 0, 'passed': 15, 'failed': 0, 'errors': 0, 'snippet': '...............                                                          [100%]\n15 passed in 0.34s\n'} audit={'verdicts': 2, 'advances': 2, 'gate_exhausted': 0, 'reworks': 0}
  [clean] sessions rc=0
== task token_bucket: limiter.py / test_limiter.py ==
  -> outcome=complete elapsed=99.6s pytest={'verifiable': True, 'rc': 0, 'passed': 10, 'failed': 0, 'errors': 0, 'snippet': '..........                                                               [100%]\n10 passed in 0.05s\n'} audit={'verdicts': 2, 'advances': 2, 'gate_exhausted': 0, 'reworks': 0}
[quality] DONE 7269.7s -> /tmp/quality-run/quality-report.json
graph_algos      outcome=complete   pytest=13passed/0failed verdicts=2 elapsed=85.4s
stats_core       outcome=complete   pytest=26passed/0failed verdicts=3 elapsed=167.2s
json_config      outcome=complete   pytest=0passed/0failed verdicts=2 elapsed=134.3s
lru_ttl          outcome=human      pytest=Nonepassed/Nonefailed verdicts=4 elapsed=428.1s
csv_parse        outcome=complete   pytest=28passed/0failed verdicts=2 elapsed=245.6s
task_sched       outcome=error      pytest=Nonepassed/Nonefailed verdicts=0 elapsed=197.0s
token_bucket     outcome=complete   pytest=10passed/0failed verdicts=2 elapsed=148.3s
string_util      outcome=complete   pytest=40passed/0failed verdicts=3 elapsed=245.7s
money_fmt        outcome=complete   pytest=18passed/0failed verdicts=2 elapsed=278.1s
json_diff        outcome=complete   pytest=17passed/0failed verdicts=2 elapsed=148.3s
circular_buffer  outcome=complete   pytest=12passed/0failed verdicts=6 elapsed=699.0s
anagram          outcome=complete   pytest=20passed/0failed verdicts=2 elapsed=132.1s
graph_algos      outcome=complete   pytest=13passed/0failed verdicts=2 elapsed=99.6s
stats_core       outcome=complete   pytest=26passed/0failed verdicts=2 elapsed=83.5s
json_config      outcome=complete   pytest=0passed/0failed verdicts=2 elapsed=99.6s
lru_ttl          outcome=complete   pytest=22passed/0failed verdicts=2 elapsed=164.6s
csv_parse        outcome=complete   pytest=28passed/0failed verdicts=2 elapsed=197.3s
task_sched       outcome=error      pytest=15passed/0failed verdicts=4 elapsed=603.2s
token_bucket     outcome=complete   pytest=10passed/0failed verdicts=2 elapsed=115.8s
string_util      outcome=complete   pytest=40passed/0failed verdicts=2 elapsed=148.3s
money_fmt        outcome=complete   pytest=18passed/0failed verdicts=2 elapsed=148.3s
json_diff        outcome=complete   pytest=17passed/0failed verdicts=2 elapsed=99.5s
circular_buffer  outcome=complete   pytest=12passed/0failed verdicts=2 elapsed=132.0s
anagram          outcome=complete   pytest=20passed/0failed verdicts=2 elapsed=99.5s
graph_algos      outcome=complete   pytest=13passed/0failed verdicts=2 elapsed=83.4s
stats_core       outcome=complete   pytest=26passed/0failed verdicts=2 elapsed=180.7s
json_config      outcome=blocked    pytest=0passed/0failed verdicts=0 elapsed=18.5s
lru_ttl          outcome=complete   pytest=22passed/0failed verdicts=2 elapsed=197.0s
csv_parse        outcome=complete   pytest=30passed/0failed verdicts=2 elapsed=148.3s
task_sched       outcome=complete   pytest=15passed/0failed verdicts=2 elapsed=67.1s
token_bucket     outcome=complete   pytest=10passed/0failed verdicts=2 elapsed=99.5s
string_util      outcome=complete   pytest=40passed/0failed verdicts=4 elapsed=229.4s
money_fmt        outcome=complete   pytest=18passed/0failed verdicts=2 elapsed=115.8s
json_diff        outcome=complete   pytest=17passed/0failed verdicts=2 elapsed=99.6s
circular_buffer  outcome=complete   pytest=12passed/0failed verdicts=2 elapsed=115.8s
anagram          outcome=complete   pytest=20passed/0failed verdicts=2 elapsed=115.7s
graph_algos      outcome=complete   pytest=13passed/0failed verdicts=2 elapsed=115.9s
stats_core       outcome=complete   pytest=26passed/0failed verdicts=2 elapsed=99.6s
json_config      outcome=complete   pytest=0passed/0failed verdicts=2 elapsed=67.1s
lru_ttl          outcome=complete   pytest=22passed/0failed verdicts=2 elapsed=99.7s
csv_parse        outcome=complete   pytest=30passed/0failed verdicts=3 elapsed=197.0s
task_sched       outcome=complete   pytest=15passed/0failed verdicts=2 elapsed=115.9s
token_bucket     outcome=complete   pytest=10passed/0failed verdicts=2 elapsed=99.6s
