== task shop_inventory: est 20min, deadline 1500s ==
  [seed] inventory.py -> worker /root/work/code/
  [snapshot] ses_004d213ceffe5EywGQ3lT3djDz: 41 messages
  [snapshot] ses_004cec508ffetU4Sg6D5LHTIXT: 14 messages
  -> outcome=complete elapsed=401.4s pytest={'verifiable': True, 'rc': 0, 'passed': 72, 'failed': 0, 'errors': 0, 'snippet': '........................................................................ [100%]\n72 passed in 0.05s\n'} audit={'verdicts': 2, 'advances': 2, 'gate_exhausted': 0, 'reworks': 0, 'inquiries': 0} snap=2
[quality] incremental report -> /tmp/nightly-run/quality-report.json (1 tasks)
  [clean] sessions rc=0
== task kv_cluster: est 25min, deadline 1800s ==
  [snapshot] ses_004cbe2ceffe9CZ1rhmjQ7hhMl: 41 messages
  [snapshot] ses_004c86bdfffeuxlkBlS2xiYblS: 16 messages
  -> outcome=complete elapsed=405.5s pytest={'verifiable': True, 'rc': 0, 'passed': 32, 'failed': 0, 'errors': 0, 'snippet': " warnings.warn(\n\n../.local/lib/python3.12/site-packages/_pytest/pathlib.py:95\n  /home/haber/.local/lib/python3.12/site-packages/_pytest/pathlib.py:95: PytestWarning: (rm_rf) error removing /tmp/pytest-of-haber/garbage-a5fd2a53-179c-4ecb-bd1b-4965ef01d767\n  <class 'OSError'>: [Errno 39] Directory not empty: '/tmp/pytest-of-haber/garbage-a5fd2a53-179c-4ecb-bd1b-4965ef01d767'\n    warnings.warn(\n\n-- Docs: https://docs.pytest.org/en/stable/how-to/capture-warnings.html\n32 passed, 12 warnings in 0.07s\n"} audit={'verdicts': 2, 'advances': 2, 'gate_exhausted': 0, 'reworks': 0, 'inquiries': 0} snap=2
[quality] incremental report -> /tmp/nightly-run/quality-report.json (2 tasks)
  [clean] sessions rc=0
== task payment_ledger: est 20min, deadline 1500s ==
  [seed] ledger.py -> worker /root/work/code/
  [snapshot] ses_004c59de6ffeJSATtq7hjALxJF: 4 messages
  -> outcome=blocked elapsed=162.7s pytest={'verifiable': True, 'rc': 5, 'passed': 0, 'failed': 0, 'errors': 0, 'snippet': '\nno tests ran in 0.00s\nERROR conda.cli.main_run:execute(148): `conda run python -m pytest -q /tmp/nightly-run/archive/payment_ledger` failed. (See above for error)\n'} audit={'verdicts': 0, 'advances': 0, 'gate_exhausted': 0, 'reworks': 0, 'inquiries': 0} snap=1
[quality] incremental report -> /tmp/nightly-run/quality-report.json (3 tasks)
  [clean] sessions rc=0
== task etl_pipeline: est 25min, deadline 1800s ==
  [seed] pipeline.py -> worker /root/work/code/
  [snapshot] ses_004c3100fffe7haoR34kwZSZVl: 5 messages
  -> outcome=blocked elapsed=163.6s pytest={'verifiable': True, 'rc': 5, 'passed': 0, 'failed': 0, 'errors': 0, 'snippet': '\nno tests ran in 0.00s\nERROR conda.cli.main_run:execute(148): `conda run python -m pytest -q /tmp/nightly-run/archive/etl_pipeline` failed. (See above for error)\n'} audit={'verdicts': 0, 'advances': 0, 'gate_exhausted': 0, 'reworks': 0, 'inquiries': 0} snap=1
[quality] incremental report -> /tmp/nightly-run/quality-report.json (4 tasks)
  [clean] sessions rc=0

== results ==
shop_inventory   outcome=complete   pytest=72passed/0failed verdicts=2 elapsed=401.4s archive=/tmp/nightly-run/archive/shop_inventory
kv_cluster       outcome=complete   pytest=32passed/0failed verdicts=2 elapsed=405.5s archive=/tmp/nightly-run/archive/kv_cluster
payment_ledger   outcome=blocked    pytest=0passed/0failed verdicts=0 elapsed=162.7s archive=/tmp/nightly-run/archive/payment_ledger
etl_pipeline     outcome=blocked    pytest=0passed/0failed verdicts=0 elapsed=163.6s archive=/tmp/nightly-run/archive/etl_pipeline

== capability coverage ==
  api-design                   <- shop_inventory, kv_cluster
  code-odor                    <- shop_inventory
  concurrency-testing          <- kv_cluster
  cross-module-contract        <- kv_cluster
  design-node                  <- shop_inventory, kv_cluster
  edge-cases                   <- shop_inventory, kv_cluster
  error-isolation              <- shop_inventory, kv_cluster
  integration                  <- shop_inventory, kv_cluster
  multi-module                 <- shop_inventory, kv_cluster
  read-existing-code           <- shop_inventory
  refactoring                  <- shop_inventory
  thread-safety                <- kv_cluster
  tradeoff-documentation       <- kv_cluster
  wrap-hygiene                 <- shop_inventory
  -- NOT covered (designed but never triggered):
     bug-fixing
     error-handling
     root-cause

[quality] archive: /tmp/nightly-run/archive
